// Jest Snapshot v1, https://goo.gl/fbAQLP

exports[`Kiểm thử với Jest Snapshot testing 1`] = `
{
  "age": 30,
  "name": "John",
}
`;
